--------------------------------------------------------------------------------
Release 14.6 Trace  (nt)
Copyright (c) 1995-2013 Xilinx, Inc.  All rights reserved.

C:\Xilinx\14.6\ISE_DS\ISE\bin\nt\unwrapped\trce.exe -intstyle ise -v 3 -s 3 -n
3 -fastpaths -xml Top.twx Top.ncd -o Top.twr Top.pcf -ucf Top.ucf

Design file:              Top.ncd
Physical constraint file: Top.pcf
Device,package,speed:     xc6slx16,csg324,C,-3 (PRODUCTION 1.23 2013-06-08)
Report level:             verbose report

Environment Variable      Effect 
--------------------      ------ 
NONE                      No environment variables were set
--------------------------------------------------------------------------------

INFO:Timing:2698 - No timing constraints found, doing default enumeration.
INFO:Timing:3412 - To improve timing, see the Timing Closure User Guide (UG612).
INFO:Timing:2752 - To get complete path coverage, use the unconstrained paths 
   option. All paths that are not constrained will be reported in the 
   unconstrained paths section(s) of the report.
INFO:Timing:3339 - The clock-to-out numbers in this timing report are based on 
   a 50 Ohm transmission line loading model.  For the details of this model, 
   and for more information on accounting for different loading conditions, 
   please see the device datasheet.



Data Sheet report:
-----------------
All values displayed in nanoseconds (ns)

Setup/Hold to clock Clk100MHz
------------+------------+------------+------------+------------+------------------+--------+
            |Max Setup to|  Process   |Max Hold to |  Process   |                  | Clock  |
Source      | clk (edge) |   Corner   | clk (edge) |   Corner   |Internal Clock(s) | Phase  |
------------+------------+------------+------------+------------+------------------+--------+
Input       |    3.111(R)|      SLOW  |   -1.735(R)|      FAST  |Clk100MHz_BUFGP   |   0.000|
Rst         |    4.717(R)|      SLOW  |   -1.101(R)|      FAST  |Clk100MHz_BUFGP   |   0.000|
------------+------------+------------+------------+------------+------------------+--------+

Clock Clk100MHz to Pad
------------+-----------------+------------+-----------------+------------+------------------+--------+
            |Max (slowest) clk|  Process   |Min (fastest) clk|  Process   |                  | Clock  |
Destination |  (edge) to PAD  |   Corner   |  (edge) to PAD  |   Corner   |Internal Clock(s) | Phase  |
------------+-----------------+------------+-----------------+------------+------------------+--------+
Disp<0>     |         8.578(R)|      SLOW  |         4.520(R)|      FAST  |Clk100MHz_BUFGP   |   0.000|
Disp<1>     |         8.526(R)|      SLOW  |         4.477(R)|      FAST  |Clk100MHz_BUFGP   |   0.000|
Disp<2>     |         8.227(R)|      SLOW  |         4.100(R)|      FAST  |Clk100MHz_BUFGP   |   0.000|
Disp<3>     |         8.260(R)|      SLOW  |         4.116(R)|      FAST  |Clk100MHz_BUFGP   |   0.000|
Output      |         9.249(R)|      SLOW  |         4.828(R)|      FAST  |Clk100MHz_BUFGP   |   0.000|
Seg<0>      |         9.586(R)|      SLOW  |         4.573(R)|      FAST  |Clk100MHz_BUFGP   |   0.000|
Seg<1>      |         9.483(R)|      SLOW  |         4.654(R)|      FAST  |Clk100MHz_BUFGP   |   0.000|
Seg<2>      |         9.830(R)|      SLOW  |         4.634(R)|      FAST  |Clk100MHz_BUFGP   |   0.000|
Seg<3>      |         9.988(R)|      SLOW  |         4.827(R)|      FAST  |Clk100MHz_BUFGP   |   0.000|
Seg<4>      |        10.191(R)|      SLOW  |         4.842(R)|      FAST  |Clk100MHz_BUFGP   |   0.000|
Seg<5>      |         9.945(R)|      SLOW  |         4.684(R)|      FAST  |Clk100MHz_BUFGP   |   0.000|
Seg<6>      |        10.062(R)|      SLOW  |         4.768(R)|      FAST  |Clk100MHz_BUFGP   |   0.000|
------------+-----------------+------------+-----------------+------------+------------------+--------+

Clock to Setup on destination clock Clk100MHz
---------------+---------+---------+---------+---------+
               | Src:Rise| Src:Fall| Src:Rise| Src:Fall|
Source Clock   |Dest:Rise|Dest:Rise|Dest:Fall|Dest:Fall|
---------------+---------+---------+---------+---------+
Clk100MHz      |    3.987|         |         |         |
---------------+---------+---------+---------+---------+


Analysis completed Sat Nov 23 16:14:10 2013 
--------------------------------------------------------------------------------

Trace Settings:
-------------------------
Trace Settings 

Peak Memory Usage: 164 MB



